---
source: examples/focus-queue/tests/focus_queue.rs
expression: task.frame()
---
┌ New task ────────────────────────────────────────────────┐
│                                                       Add│
└──────────────────────────────────────────────────────────┘
                                                            
┌ Focus queue ─────────────────────────────────────────────┐
│[ ] Write pilot notes                               Delete│
│                                                          │
│                                                          │
│                                                          │
└──────────────────────────────────────────────────────────┘
                                                            
┌ Focus timer ─────────────────────────────────────────────┐
│25:00  1 open / 0 complete    Start  Reset                │
└──────────────────────────────────────────────────────────┘
                                                            
Tab focus | Enter activate | Wheel scroll               Quit
